// Jest Snapshot v1, https://goo.gl/fbAQLP

exports[`Home Test Suite Home rendering correctly 1`] = `"<section id=\\"post-root\\"></section>"`;
