// Jest Snapshot v1, https://goo.gl/fbAQLP

exports[`Dashboard Test Suite Dashboard rendering correctly 1`] = `"<div id=\\"Dashboard\\"><div><h1>Ol√° Test User</h1><p>Email: testemail@teste.com</p></div><button>Sair</button></div>"`;
