// Jest Snapshot v1, https://goo.gl/fbAQLP

exports[`Login Test Suite Login rendering correctly 1`] = `ShallowWrapper {}`;
