// Jest Snapshot v1, https://goo.gl/fbAQLP

exports[`Header Test Suite Header rendering correctly 1`] = `ShallowWrapper {}`;
