// Jest Snapshot v1, https://goo.gl/fbAQLP

exports[`Register Test Suite Register rendering correctly 1`] = `"<div><form id=\\"Register\\"><label>Nome:</label><input type=\\"text\\" autofocus=\\"\\" placeholder=\\"Nome de usuÃ¡rio\\"/><label>Email:</label><input type=\\"email\\" placeholder=\\"email@email.com\\"/><label>Senha:</label><input type=\\"password\\" placeholder=\\"*******\\"/><button type=\\"submit\\">Cadastrar</button></form></div>"`;
